2026-01-02 13:03:21 | INFO | __main__:login | Login no portal freto | {}
2026-01-02 13:03:28 | INFO | __main__:get_incidents_data | Inicio da obtencao dos dados dos incidentes | {}
2026-01-02 13:03:28 | ERROR | __main__:get_incidents_data | Falha ao obter dados do incidente. Erro: string indices must be integers | {}
Traceback (most recent call last):

  File "C:\Users\pedro\Documents\ERGONDATA\KMM\src\arcelor\freto_portal.py", line 255, in <module>
    run({'id:123'})
    └ <function run at 0x000001AA1597F5B0>

  File "C:\Users\pedro\Documents\ERGONDATA\KMM\src\arcelor\freto_portal.py", line 246, in run
    transports = get_incidents_data(incidents)
                 │                  └ {'id:123'}
                 └ <function get_incidents_data at 0x000001AA1597F250>

> File "C:\Users\pedro\Documents\ERGONDATA\KMM\src\arcelor\freto_portal.py", line 46, in get_incidents_data
    if not incident['Transporte']:
           └ 'id:123'

TypeError: string indices must be integers
2026-01-02 13:03:28 | ERROR | __main__:run | Erro => Falha ao obter o incidente | {}
Traceback (most recent call last):

  File "C:\Users\pedro\Documents\ERGONDATA\KMM\src\arcelor\freto_portal.py", line 255, in <module>
    run({'id:123'})
    └ <function run at 0x000001AA1597F5B0>

> File "C:\Users\pedro\Documents\ERGONDATA\KMM\src\arcelor\freto_portal.py", line 248, in run
    raise Exception("Falha ao obter o incidente")

Exception: Falha ao obter o incidente
2026-01-02 13:06:42 | INFO | __main__:login | Login no portal freto | {}
2026-01-02 13:06:48 | INFO | __main__:get_incidents_data | Inicio da obtencao dos dados dos incidentes | {}
2026-01-02 13:06:48 | ERROR | __main__:get_incidents_data | Falha ao obter dados do incidente. Erro: string indices must be integers | {}
Traceback (most recent call last):

  File "C:\Users\pedro\Documents\ERGONDATA\KMM\src\arcelor\freto_portal.py", line 255, in <module>
    run({'Transporte:123'})
    └ <function run at 0x0000019ED0619990>

  File "C:\Users\pedro\Documents\ERGONDATA\KMM\src\arcelor\freto_portal.py", line 246, in run
    transports = get_incidents_data(incidents)
                 │                  └ {'Transporte:123'}
                 └ <function get_incidents_data at 0x0000019ED0619630>

> File "C:\Users\pedro\Documents\ERGONDATA\KMM\src\arcelor\freto_portal.py", line 46, in get_incidents_data
    if not incident['Transporte']:
           └ 'Transporte:123'

TypeError: string indices must be integers
2026-01-02 13:06:48 | ERROR | __main__:run | Erro => Falha ao obter o incidente | {}
Traceback (most recent call last):

  File "C:\Users\pedro\Documents\ERGONDATA\KMM\src\arcelor\freto_portal.py", line 255, in <module>
    run({'Transporte:123'})
    └ <function run at 0x0000019ED0619990>

> File "C:\Users\pedro\Documents\ERGONDATA\KMM\src\arcelor\freto_portal.py", line 248, in run
    raise Exception("Falha ao obter o incidente")

Exception: Falha ao obter o incidente
2026-01-02 13:09:50 | INFO | __main__:login | Login no portal freto | {}
2026-01-02 13:10:11 | INFO | __main__:get_incidents_data | Inicio da obtencao dos dados dos incidentes | {}
2026-01-02 13:10:11 | ERROR | __main__:get_incidents_data | Falha ao obter dados do incidente. Erro: string indices must be integers | {}
Traceback (most recent call last):

  File "C:\Program Files\JetBrains\PyCharm 2025.3\plugins\python-ce\helpers\pydev\pydevd.py", line 2391, in <module>
    main()
    └ <function main at 0x0000025C89A24160>

  File "C:\Program Files\JetBrains\PyCharm 2025.3\plugins\python-ce\helpers\pydev\pydevd.py", line 2372, in main
    globals = debugger.run(setup['file'], None, None, is_module)
              │        │   │                          └ False
              │        │   └ {'port': 50817, 'vm_type': None, 'client': '127.0.0.1', 'server': False, 'DEBUG_RECORD_SOCKET_READS': False, 'multiproc': Fal...
              │        └ <function PyDB.run at 0x0000025C89A230A0>
              └ <__main__.PyDB object at 0x0000025C89002260>

  File "C:\Program Files\JetBrains\PyCharm 2025.3\plugins\python-ce\helpers\pydev\pydevd.py", line 1640, in run
    return self._exec(is_module, entry_point_fn, module_name, file, globals, locals)
           │    │     │          │               │            │     │        └ {'__name__': '__main__', '__doc__': None, '__package__': '', '__loader__': <_frozen_importlib_external.SourceFileLoader objec...
           │    │     │          │               │            │     └ {'__name__': '__main__', '__doc__': None, '__package__': '', '__loader__': <_frozen_importlib_external.SourceFileLoader objec...
           │    │     │          │               │            └ 'C:\\Users\\pedro\\Documents\\ERGONDATA\\KMM\\src\\arcelor\\freto_portal.py'
           │    │     │          │               └ None
           │    │     │          └ ''
           │    │     └ False
           │    └ <function PyDB._exec at 0x0000025C89A23130>
           └ <__main__.PyDB object at 0x0000025C89002260>

  File "C:\Program Files\JetBrains\PyCharm 2025.3\plugins\python-ce\helpers\pydev\pydevd.py", line 1647, in _exec
    pydev_imports.execfile(file, globals, locals)  # execute the script
    │             │        │     │        └ {'__name__': '__main__', '__doc__': None, '__package__': '', '__loader__': <_frozen_importlib_external.SourceFileLoader objec...
    │             │        │     └ {'__name__': '__main__', '__doc__': None, '__package__': '', '__loader__': <_frozen_importlib_external.SourceFileLoader objec...
    │             │        └ 'C:\\Users\\pedro\\Documents\\ERGONDATA\\KMM\\src\\arcelor\\freto_portal.py'
    │             └ <function execfile at 0x0000025C897E70A0>
    └ <module '_pydev_bundle.pydev_imports' from 'C:\\Program Files\\JetBrains\\PyCharm 2025.3\\plugins\\python-ce\\helpers\\pydev\...

  File "C:\Program Files\JetBrains\PyCharm 2025.3\plugins\python-ce\helpers\pydev\_pydev_imps\_pydev_execfile.py", line 18, in execfile
    exec(compile(contents+"\n", file, 'exec'), glob, loc)
                 │              │              │     └ {'__name__': '__main__', '__doc__': None, '__package__': '', '__loader__': <_frozen_importlib_external.SourceFileLoader objec...
                 │              │              └ {'__name__': '__main__', '__doc__': None, '__package__': '', '__loader__': <_frozen_importlib_external.SourceFileLoader objec...
                 │              └ 'C:\\Users\\pedro\\Documents\\ERGONDATA\\KMM\\src\\arcelor\\freto_portal.py'
                 └ 'import requests\nimport time\nimport re\nimport os\nfrom shared.logger import logger\nfrom pipefy_handler import API\nfrom p...

  File "C:\Users\pedro\Documents\ERGONDATA\KMM\src\arcelor\freto_portal.py", line 255, in <module>
    run({'Transporte:123'})
    └ <function run at 0x0000025C8920A290>

  File "C:\Users\pedro\Documents\ERGONDATA\KMM\src\arcelor\freto_portal.py", line 246, in run
    transports = get_incidents_data(incidents)
                 │                  └ {'Transporte:123'}
                 └ <function get_incidents_data at 0x0000025C89209FC0>

> File "C:\Users\pedro\Documents\ERGONDATA\KMM\src\arcelor\freto_portal.py", line 46, in get_incidents_data
    if not incident['Transporte']:
           └ 'Transporte:123'

TypeError: string indices must be integers
2026-01-02 13:10:11 | ERROR | __main__:run | Erro => Falha ao obter o incidente | {}
Traceback (most recent call last):

  File "C:\Program Files\JetBrains\PyCharm 2025.3\plugins\python-ce\helpers\pydev\pydevd.py", line 2391, in <module>
    main()
    └ <function main at 0x0000025C89A24160>

  File "C:\Program Files\JetBrains\PyCharm 2025.3\plugins\python-ce\helpers\pydev\pydevd.py", line 2372, in main
    globals = debugger.run(setup['file'], None, None, is_module)
              │        │   │                          └ False
              │        │   └ {'port': 50817, 'vm_type': None, 'client': '127.0.0.1', 'server': False, 'DEBUG_RECORD_SOCKET_READS': False, 'multiproc': Fal...
              │        └ <function PyDB.run at 0x0000025C89A230A0>
              └ <__main__.PyDB object at 0x0000025C89002260>

  File "C:\Program Files\JetBrains\PyCharm 2025.3\plugins\python-ce\helpers\pydev\pydevd.py", line 1640, in run
    return self._exec(is_module, entry_point_fn, module_name, file, globals, locals)
           │    │     │          │               │            │     │        └ {'__name__': '__main__', '__doc__': None, '__package__': '', '__loader__': <_frozen_importlib_external.SourceFileLoader objec...
           │    │     │          │               │            │     └ {'__name__': '__main__', '__doc__': None, '__package__': '', '__loader__': <_frozen_importlib_external.SourceFileLoader objec...
           │    │     │          │               │            └ 'C:\\Users\\pedro\\Documents\\ERGONDATA\\KMM\\src\\arcelor\\freto_portal.py'
           │    │     │          │               └ None
           │    │     │          └ ''
           │    │     └ False
           │    └ <function PyDB._exec at 0x0000025C89A23130>
           └ <__main__.PyDB object at 0x0000025C89002260>

  File "C:\Program Files\JetBrains\PyCharm 2025.3\plugins\python-ce\helpers\pydev\pydevd.py", line 1647, in _exec
    pydev_imports.execfile(file, globals, locals)  # execute the script
    │             │        │     │        └ {'__name__': '__main__', '__doc__': None, '__package__': '', '__loader__': <_frozen_importlib_external.SourceFileLoader objec...
    │             │        │     └ {'__name__': '__main__', '__doc__': None, '__package__': '', '__loader__': <_frozen_importlib_external.SourceFileLoader objec...
    │             │        └ 'C:\\Users\\pedro\\Documents\\ERGONDATA\\KMM\\src\\arcelor\\freto_portal.py'
    │             └ <function execfile at 0x0000025C897E70A0>
    └ <module '_pydev_bundle.pydev_imports' from 'C:\\Program Files\\JetBrains\\PyCharm 2025.3\\plugins\\python-ce\\helpers\\pydev\...

  File "C:\Program Files\JetBrains\PyCharm 2025.3\plugins\python-ce\helpers\pydev\_pydev_imps\_pydev_execfile.py", line 18, in execfile
    exec(compile(contents+"\n", file, 'exec'), glob, loc)
                 │              │              │     └ {'__name__': '__main__', '__doc__': None, '__package__': '', '__loader__': <_frozen_importlib_external.SourceFileLoader objec...
                 │              │              └ {'__name__': '__main__', '__doc__': None, '__package__': '', '__loader__': <_frozen_importlib_external.SourceFileLoader objec...
                 │              └ 'C:\\Users\\pedro\\Documents\\ERGONDATA\\KMM\\src\\arcelor\\freto_portal.py'
                 └ 'import requests\nimport time\nimport re\nimport os\nfrom shared.logger import logger\nfrom pipefy_handler import API\nfrom p...

  File "C:\Users\pedro\Documents\ERGONDATA\KMM\src\arcelor\freto_portal.py", line 255, in <module>
    run({'Transporte:123'})
    └ <function run at 0x0000025C8920A290>

> File "C:\Users\pedro\Documents\ERGONDATA\KMM\src\arcelor\freto_portal.py", line 248, in run
    raise Exception("Falha ao obter o incidente")

Exception: Falha ao obter o incidente
2026-01-02 13:13:30 | INFO | __main__:login | Login no portal freto | {}
2026-01-02 13:13:36 | INFO | __main__:get_incidents_data | Inicio da obtencao dos dados dos incidentes | {}
2026-01-02 13:13:36 | ERROR | __main__:get_incidents_data | Falha ao obter dados do incidente. Erro: string indices must be integers | {}
Traceback (most recent call last):

  File "C:\Users\pedro\Documents\ERGONDATA\KMM\src\arcelor\freto_portal.py", line 255, in <module>
    run({'Transporte':'123', 'card id': '123'})
    └ <function run at 0x000002782B885990>

  File "C:\Users\pedro\Documents\ERGONDATA\KMM\src\arcelor\freto_portal.py", line 246, in run
    transports = get_incidents_data(incidents)
                 │                  └ {'Transporte': '123', 'card id': '123'}
                 └ <function get_incidents_data at 0x000002782B885630>

> File "C:\Users\pedro\Documents\ERGONDATA\KMM\src\arcelor\freto_portal.py", line 46, in get_incidents_data
    if not incident['Transporte']:
           └ 'Transporte'

TypeError: string indices must be integers
2026-01-02 13:13:36 | ERROR | __main__:run | Erro => Falha ao obter o incidente | {}
Traceback (most recent call last):

  File "C:\Users\pedro\Documents\ERGONDATA\KMM\src\arcelor\freto_portal.py", line 255, in <module>
    run({'Transporte':'123', 'card id': '123'})
    └ <function run at 0x000002782B885990>

> File "C:\Users\pedro\Documents\ERGONDATA\KMM\src\arcelor\freto_portal.py", line 248, in run
    raise Exception("Falha ao obter o incidente")

Exception: Falha ao obter o incidente
2026-01-02 13:14:28 | INFO | __main__:login | Login no portal freto | {}
2026-01-02 13:14:38 | INFO | __main__:get_incidents_data | Inicio da obtencao dos dados dos incidentes | {}
2026-01-02 13:16:09 | INFO | __main__:login | Login no portal freto | {}
2026-01-02 13:16:16 | INFO | __main__:get_incidents_data | Inicio da obtencao dos dados dos incidentes | {}
2026-01-02 13:16:16 | ERROR | __main__:get_incidents_data | Falha ao obter dados do incidente. Erro: 'Valor a pagar (Contrato)' | {}
Traceback (most recent call last):

  File "C:\Users\pedro\Documents\ERGONDATA\KMM\src\arcelor\freto_portal.py", line 255, in <module>
    run([{'Transporte': '123', 'card id': '123'}])
    └ <function run at 0x000002C8A0DF9990>

  File "C:\Users\pedro\Documents\ERGONDATA\KMM\src\arcelor\freto_portal.py", line 246, in run
    transports = get_incidents_data(incidents)
                 │                  └ [{'Transporte': 123, 'card id': '123'}]
                 └ <function get_incidents_data at 0x000002C8A0DF9630>

> File "C:\Users\pedro\Documents\ERGONDATA\KMM\src\arcelor\freto_portal.py", line 53, in get_incidents_data
    if "," in str(incident["Valor a pagar (Contrato)"]):
                  └ {'Transporte': 123, 'card id': '123'}

KeyError: 'Valor a pagar (Contrato)'
2026-01-02 13:16:16 | ERROR | __main__:run | Erro => Falha ao obter o incidente | {}
Traceback (most recent call last):

  File "C:\Users\pedro\Documents\ERGONDATA\KMM\src\arcelor\freto_portal.py", line 255, in <module>
    run([{'Transporte': '123', 'card id': '123'}])
    └ <function run at 0x000002C8A0DF9990>

> File "C:\Users\pedro\Documents\ERGONDATA\KMM\src\arcelor\freto_portal.py", line 248, in run
    raise Exception("Falha ao obter o incidente")

Exception: Falha ao obter o incidente
2026-01-02 13:17:45 | INFO | __main__:login | Login no portal freto | {}
2026-01-02 13:17:51 | INFO | __main__:get_incidents_data | Inicio da obtencao dos dados dos incidentes | {}
2026-01-02 13:17:52 | ERROR | __main__:get_incidents_data | Falha ao obter dados do incidente. Erro: 'Valor aprovado emissão (CTe)' | {}
Traceback (most recent call last):

  File "C:\Users\pedro\Documents\ERGONDATA\KMM\src\arcelor\freto_portal.py", line 255, in <module>
    run([{'Transporte': '123', 'card id': '123', 'Valor a pagar (Contrato)': 105.25}])
    └ <function run at 0x0000026AD3209990>

  File "C:\Users\pedro\Documents\ERGONDATA\KMM\src\arcelor\freto_portal.py", line 246, in run
    transports = get_incidents_data(incidents)
                 │                  └ [{'Transporte': 123, 'card id': '123', 'Valor a pagar (Contrato)': 105.25}]
                 └ <function get_incidents_data at 0x0000026AD3209630>

> File "C:\Users\pedro\Documents\ERGONDATA\KMM\src\arcelor\freto_portal.py", line 55, in get_incidents_data
    if "," in str(incident["Valor aprovado emissão (CTe)"]):
                  └ {'Transporte': 123, 'card id': '123', 'Valor a pagar (Contrato)': 105.25}

KeyError: 'Valor aprovado emissão (CTe)'
2026-01-02 13:17:52 | ERROR | __main__:run | Erro => Falha ao obter o incidente | {}
Traceback (most recent call last):

  File "C:\Users\pedro\Documents\ERGONDATA\KMM\src\arcelor\freto_portal.py", line 255, in <module>
    run([{'Transporte': '123', 'card id': '123', 'Valor a pagar (Contrato)': 105.25}])
    └ <function run at 0x0000026AD3209990>

> File "C:\Users\pedro\Documents\ERGONDATA\KMM\src\arcelor\freto_portal.py", line 248, in run
    raise Exception("Falha ao obter o incidente")

Exception: Falha ao obter o incidente
2026-01-02 13:19:10 | INFO | __main__:login | Login no portal freto | {}
2026-01-02 13:19:20 | INFO | __main__:get_incidents_data | Inicio da obtencao dos dados dos incidentes | {}
2026-01-02 13:19:39 | ERROR | __main__:get_incidents_data | Falha ao obter dados do incidente. Erro: 'Motivo' | {}
Traceback (most recent call last):

  File "C:\Program Files\JetBrains\PyCharm 2025.3\plugins\python-ce\helpers\pydev\pydevd.py", line 2391, in <module>
    main()
    └ <function main at 0x0000017A41ACB2E0>

  File "C:\Program Files\JetBrains\PyCharm 2025.3\plugins\python-ce\helpers\pydev\pydevd.py", line 2372, in main
    globals = debugger.run(setup['file'], None, None, is_module)
              │        │   │                          └ False
              │        │   └ {'port': 51130, 'vm_type': None, 'client': '127.0.0.1', 'server': False, 'DEBUG_RECORD_SOCKET_READS': False, 'multiproc': Fal...
              │        └ <function PyDB.run at 0x0000017A41ACA290>
              └ <__main__.PyDB object at 0x0000017A41C2D600>

  File "C:\Program Files\JetBrains\PyCharm 2025.3\plugins\python-ce\helpers\pydev\pydevd.py", line 1640, in run
    return self._exec(is_module, entry_point_fn, module_name, file, globals, locals)
           │    │     │          │               │            │     │        └ {'__name__': '__main__', '__doc__': None, '__package__': '', '__loader__': <_frozen_importlib_external.SourceFileLoader objec...
           │    │     │          │               │            │     └ {'__name__': '__main__', '__doc__': None, '__package__': '', '__loader__': <_frozen_importlib_external.SourceFileLoader objec...
           │    │     │          │               │            └ 'C:\\Users\\pedro\\Documents\\ERGONDATA\\KMM\\src\\arcelor\\freto_portal.py'
           │    │     │          │               └ None
           │    │     │          └ ''
           │    │     └ False
           │    └ <function PyDB._exec at 0x0000017A41ACA320>
           └ <__main__.PyDB object at 0x0000017A41C2D600>

  File "C:\Program Files\JetBrains\PyCharm 2025.3\plugins\python-ce\helpers\pydev\pydevd.py", line 1647, in _exec
    pydev_imports.execfile(file, globals, locals)  # execute the script
    │             │        │     │        └ {'__name__': '__main__', '__doc__': None, '__package__': '', '__loader__': <_frozen_importlib_external.SourceFileLoader objec...
    │             │        │     └ {'__name__': '__main__', '__doc__': None, '__package__': '', '__loader__': <_frozen_importlib_external.SourceFileLoader objec...
    │             │        └ 'C:\\Users\\pedro\\Documents\\ERGONDATA\\KMM\\src\\arcelor\\freto_portal.py'
    │             └ <function execfile at 0x0000017A419DE290>
    └ <module '_pydev_bundle.pydev_imports' from 'C:\\Program Files\\JetBrains\\PyCharm 2025.3\\plugins\\python-ce\\helpers\\pydev\...

  File "C:\Program Files\JetBrains\PyCharm 2025.3\plugins\python-ce\helpers\pydev\_pydev_imps\_pydev_execfile.py", line 18, in execfile
    exec(compile(contents+"\n", file, 'exec'), glob, loc)
                 │              │              │     └ {'__name__': '__main__', '__doc__': None, '__package__': '', '__loader__': <_frozen_importlib_external.SourceFileLoader objec...
                 │              │              └ {'__name__': '__main__', '__doc__': None, '__package__': '', '__loader__': <_frozen_importlib_external.SourceFileLoader objec...
                 │              └ 'C:\\Users\\pedro\\Documents\\ERGONDATA\\KMM\\src\\arcelor\\freto_portal.py'
                 └ 'import requests\nimport time\nimport re\nimport os\nfrom shared.logger import logger\nfrom pipefy_handler import API\nfrom p...

  File "C:\Users\pedro\Documents\ERGONDATA\KMM\src\arcelor\freto_portal.py", line 255, in <module>
    run([{'Transporte': '123', 'card id': '123', 'Valor a pagar (Contrato)': 105.25, 'Valor aprovado emissão (CTe)': 151.58}])
    └ <function run at 0x0000017A425BA050>

  File "C:\Users\pedro\Documents\ERGONDATA\KMM\src\arcelor\freto_portal.py", line 246, in run
    transports = get_incidents_data(incidents)
                 │                  └ [{'Transporte': 123, 'card id': '123', 'Valor a pagar (Contrato)': 105.25, 'Valor aprovado emissão (CTe)': 151.58}]
                 └ <function get_incidents_data at 0x0000017A425B9CF0>

> File "C:\Users\pedro\Documents\ERGONDATA\KMM\src\arcelor\freto_portal.py", line 59, in get_incidents_data
    if (incident["Motivo"] == "Pedágio") or (incident["Motivo"] == "Pedagio"):
        │                                    └ {'Transporte': 123, 'card id': '123', 'Valor a pagar (Contrato)': 105.25, 'Valor aprovado emissão (CTe)': 151.58}
        └ {'Transporte': 123, 'card id': '123', 'Valor a pagar (Contrato)': 105.25, 'Valor aprovado emissão (CTe)': 151.58}

KeyError: 'Motivo'
2026-01-02 13:19:39 | ERROR | __main__:run | Erro => Falha ao obter o incidente | {}
Traceback (most recent call last):

  File "C:\Program Files\JetBrains\PyCharm 2025.3\plugins\python-ce\helpers\pydev\pydevd.py", line 2391, in <module>
    main()
    └ <function main at 0x0000017A41ACB2E0>

  File "C:\Program Files\JetBrains\PyCharm 2025.3\plugins\python-ce\helpers\pydev\pydevd.py", line 2372, in main
    globals = debugger.run(setup['file'], None, None, is_module)
              │        │   │                          └ False
              │        │   └ {'port': 51130, 'vm_type': None, 'client': '127.0.0.1', 'server': False, 'DEBUG_RECORD_SOCKET_READS': False, 'multiproc': Fal...
              │        └ <function PyDB.run at 0x0000017A41ACA290>
              └ <__main__.PyDB object at 0x0000017A41C2D600>

  File "C:\Program Files\JetBrains\PyCharm 2025.3\plugins\python-ce\helpers\pydev\pydevd.py", line 1640, in run
    return self._exec(is_module, entry_point_fn, module_name, file, globals, locals)
           │    │     │          │               │            │     │        └ {'__name__': '__main__', '__doc__': None, '__package__': '', '__loader__': <_frozen_importlib_external.SourceFileLoader objec...
           │    │     │          │               │            │     └ {'__name__': '__main__', '__doc__': None, '__package__': '', '__loader__': <_frozen_importlib_external.SourceFileLoader objec...
           │    │     │          │               │            └ 'C:\\Users\\pedro\\Documents\\ERGONDATA\\KMM\\src\\arcelor\\freto_portal.py'
           │    │     │          │               └ None
           │    │     │          └ ''
           │    │     └ False
           │    └ <function PyDB._exec at 0x0000017A41ACA320>
           └ <__main__.PyDB object at 0x0000017A41C2D600>

  File "C:\Program Files\JetBrains\PyCharm 2025.3\plugins\python-ce\helpers\pydev\pydevd.py", line 1647, in _exec
    pydev_imports.execfile(file, globals, locals)  # execute the script
    │             │        │     │        └ {'__name__': '__main__', '__doc__': None, '__package__': '', '__loader__': <_frozen_importlib_external.SourceFileLoader objec...
    │             │        │     └ {'__name__': '__main__', '__doc__': None, '__package__': '', '__loader__': <_frozen_importlib_external.SourceFileLoader objec...
    │             │        └ 'C:\\Users\\pedro\\Documents\\ERGONDATA\\KMM\\src\\arcelor\\freto_portal.py'
    │             └ <function execfile at 0x0000017A419DE290>
    └ <module '_pydev_bundle.pydev_imports' from 'C:\\Program Files\\JetBrains\\PyCharm 2025.3\\plugins\\python-ce\\helpers\\pydev\...

  File "C:\Program Files\JetBrains\PyCharm 2025.3\plugins\python-ce\helpers\pydev\_pydev_imps\_pydev_execfile.py", line 18, in execfile
    exec(compile(contents+"\n", file, 'exec'), glob, loc)
                 │              │              │     └ {'__name__': '__main__', '__doc__': None, '__package__': '', '__loader__': <_frozen_importlib_external.SourceFileLoader objec...
                 │              │              └ {'__name__': '__main__', '__doc__': None, '__package__': '', '__loader__': <_frozen_importlib_external.SourceFileLoader objec...
                 │              └ 'C:\\Users\\pedro\\Documents\\ERGONDATA\\KMM\\src\\arcelor\\freto_portal.py'
                 └ 'import requests\nimport time\nimport re\nimport os\nfrom shared.logger import logger\nfrom pipefy_handler import API\nfrom p...

  File "C:\Users\pedro\Documents\ERGONDATA\KMM\src\arcelor\freto_portal.py", line 255, in <module>
    run([{'Transporte': '123', 'card id': '123', 'Valor a pagar (Contrato)': 105.25, 'Valor aprovado emissão (CTe)': 151.58}])
    └ <function run at 0x0000017A425BA050>

> File "C:\Users\pedro\Documents\ERGONDATA\KMM\src\arcelor\freto_portal.py", line 248, in run
    raise Exception("Falha ao obter o incidente")

Exception: Falha ao obter o incidente
