2026-01-05 10:42:12 | INFO | __main__:login | Login no portal freto | {}
2026-01-05 10:42:38 | INFO | __main__:get_incidents_data | Inicio da obtencao dos dados dos incidentes | {}
2026-01-05 10:42:45 | ERROR | __main__:get_incidents_data | Falha ao obter dados do incidente. Erro: 'Motivo' | {}
Traceback (most recent call last):

  File "C:\Program Files\JetBrains\PyCharm 2025.3\plugins\python-ce\helpers\pydev\pydevd.py", line 2391, in <module>
    main()
    └ <function main at 0x000001894C44B2E0>

  File "C:\Program Files\JetBrains\PyCharm 2025.3\plugins\python-ce\helpers\pydev\pydevd.py", line 2372, in main
    globals = debugger.run(setup['file'], None, None, is_module)
              │        │   │                          └ False
              │        │   └ {'port': 50005, 'vm_type': None, 'client': '127.0.0.1', 'server': False, 'DEBUG_RECORD_SOCKET_READS': False, 'multiproc': Fal...
              │        └ <function PyDB.run at 0x000001894C44A290>
              └ <__main__.PyDB object at 0x000001894C5AD600>

  File "C:\Program Files\JetBrains\PyCharm 2025.3\plugins\python-ce\helpers\pydev\pydevd.py", line 1640, in run
    return self._exec(is_module, entry_point_fn, module_name, file, globals, locals)
           │    │     │          │               │            │     │        └ {'__name__': '__main__', '__doc__': None, '__package__': '', '__loader__': <_frozen_importlib_external.SourceFileLoader objec...
           │    │     │          │               │            │     └ {'__name__': '__main__', '__doc__': None, '__package__': '', '__loader__': <_frozen_importlib_external.SourceFileLoader objec...
           │    │     │          │               │            └ 'C:\\Users\\pedro\\Documents\\ERGONDATA\\KMM\\src\\arcelor\\freto_portal.py'
           │    │     │          │               └ None
           │    │     │          └ ''
           │    │     └ False
           │    └ <function PyDB._exec at 0x000001894C44A320>
           └ <__main__.PyDB object at 0x000001894C5AD600>

  File "C:\Program Files\JetBrains\PyCharm 2025.3\plugins\python-ce\helpers\pydev\pydevd.py", line 1647, in _exec
    pydev_imports.execfile(file, globals, locals)  # execute the script
    │             │        │     │        └ {'__name__': '__main__', '__doc__': None, '__package__': '', '__loader__': <_frozen_importlib_external.SourceFileLoader objec...
    │             │        │     └ {'__name__': '__main__', '__doc__': None, '__package__': '', '__loader__': <_frozen_importlib_external.SourceFileLoader objec...
    │             │        └ 'C:\\Users\\pedro\\Documents\\ERGONDATA\\KMM\\src\\arcelor\\freto_portal.py'
    │             └ <function execfile at 0x000001894C35E290>
    └ <module '_pydev_bundle.pydev_imports' from 'C:\\Program Files\\JetBrains\\PyCharm 2025.3\\plugins\\python-ce\\helpers\\pydev\...

  File "C:\Program Files\JetBrains\PyCharm 2025.3\plugins\python-ce\helpers\pydev\_pydev_imps\_pydev_execfile.py", line 18, in execfile
    exec(compile(contents+"\n", file, 'exec'), glob, loc)
                 │              │              │     └ {'__name__': '__main__', '__doc__': None, '__package__': '', '__loader__': <_frozen_importlib_external.SourceFileLoader objec...
                 │              │              └ {'__name__': '__main__', '__doc__': None, '__package__': '', '__loader__': <_frozen_importlib_external.SourceFileLoader objec...
                 │              └ 'C:\\Users\\pedro\\Documents\\ERGONDATA\\KMM\\src\\arcelor\\freto_portal.py'
                 └ 'import requests\nimport time\nimport re\nimport os\nfrom shared.logger import logger\nfrom pipefy_handler import API\nfrom p...

  File "C:\Users\pedro\Documents\ERGONDATA\KMM\src\arcelor\freto_portal.py", line 256, in <module>
    run([{'Transporte': '6102323416', 'card id': '123', 'Valor a pagar (Contrato)': 105.25, 'Valor aprovado emissão (CTe)': 151.58}])
    └ <function run at 0x000001894CF3A680>

  File "C:\Users\pedro\Documents\ERGONDATA\KMM\src\arcelor\freto_portal.py", line 247, in run
    transports = get_incidents_data(incidents)
                 │                  └ [{'Transporte': 6102323416, 'card id': '123', 'Valor a pagar (Contrato)': 105.25, 'Valor aprovado emissão (CTe)': 151.58}]
                 └ <function get_incidents_data at 0x000001894CF3A3B0>

> File "C:\Users\pedro\Documents\ERGONDATA\KMM\src\arcelor\freto_portal.py", line 60, in get_incidents_data
    if (incident["Motivo"] == "Pedágio") or (incident["Motivo"] == "Pedagio"):
        │                                    └ {'Transporte': 6102323416, 'card id': '123', 'Valor a pagar (Contrato)': 105.25, 'Valor aprovado emissão (CTe)': 151.58}
        └ {'Transporte': 6102323416, 'card id': '123', 'Valor a pagar (Contrato)': 105.25, 'Valor aprovado emissão (CTe)': 151.58}

KeyError: 'Motivo'
2026-01-05 10:43:27 | INFO | __main__:login | Login no portal freto | {}
2026-01-05 10:44:36 | INFO | __main__:get_incidents_data | Inicio da obtencao dos dados dos incidentes | {}
2026-01-05 10:44:36 | INFO | __main__:get_driver_name | Buscando nome do motorista | {}
2026-01-05 10:45:10 | INFO | __main__:login | Login no portal freto | {}
2026-01-05 10:45:21 | INFO | __main__:get_incidents_data | Inicio da obtencao dos dados dos incidentes | {}
2026-01-05 10:45:21 | INFO | __main__:get_driver_name | Buscando nome do motorista | {}
2026-01-05 10:45:54 | SUCCESS | __main__:get_driver_name | Nome do motorista encontrado=> LEANDRO RODRIGUES | {}
2026-01-05 10:45:54 | INFO | __main__:get_cte_value | Obtencao do CTE | {}
2026-01-05 10:46:01 | INFO | __main__:get_cte_value | Clique em ver arquivos | {}
2026-01-05 10:46:02 | INFO | __main__:get_cte_value | arquivos 0.1 MB
CT-e8321960310412898491.pdf
0.2 MB
Skymark.pdf
0.1 MB
Viagem1842639235517834497.pdf
0.1 MB
1566486.jpg
0.1 MB
1566484.jpg
0.2 MB
1566488.jpg
0.1 MB
1566485.jpg | {}
2026-01-05 10:46:02 | ERROR | __main__:get_cte_value | Falha ao obter as informações do cte Message: invalid selector: Unable to locate an element with the xpath expression //*[@id="myId1"]/div[{0}]/a[2] because of the following error:
SyntaxError: Failed to execute 'evaluate' on 'Document': The string '//*[@id="myId1"]/div[{0}]/a[2]' is not a valid XPath expression.
  (Session info: chrome=143.0.7499.170)
 | {}
Traceback (most recent call last):

  File "C:\Program Files\JetBrains\PyCharm 2025.3\plugins\python-ce\helpers\pydev\pydevd.py", line 2391, in <module>
    main()
    └ <function main at 0x0000026C6EC5B2E0>

  File "C:\Program Files\JetBrains\PyCharm 2025.3\plugins\python-ce\helpers\pydev\pydevd.py", line 2372, in main
    globals = debugger.run(setup['file'], None, None, is_module)
              │        │   │                          └ False
              │        │   └ {'port': 50131, 'vm_type': None, 'client': '127.0.0.1', 'server': False, 'DEBUG_RECORD_SOCKET_READS': False, 'multiproc': Fal...
              │        └ <function PyDB.run at 0x0000026C6EC5A290>
              └ <__main__.PyDB object at 0x0000026C6ED8D600>

  File "C:\Program Files\JetBrains\PyCharm 2025.3\plugins\python-ce\helpers\pydev\pydevd.py", line 1640, in run
    return self._exec(is_module, entry_point_fn, module_name, file, globals, locals)
           │    │     │          │               │            │     │        └ {'__name__': '__main__', '__doc__': None, '__package__': '', '__loader__': <_frozen_importlib_external.SourceFileLoader objec...
           │    │     │          │               │            │     └ {'__name__': '__main__', '__doc__': None, '__package__': '', '__loader__': <_frozen_importlib_external.SourceFileLoader objec...
           │    │     │          │               │            └ 'C:\\Users\\pedro\\Documents\\ERGONDATA\\KMM\\src\\arcelor\\freto_portal.py'
           │    │     │          │               └ None
           │    │     │          └ ''
           │    │     └ False
           │    └ <function PyDB._exec at 0x0000026C6EC5A320>
           └ <__main__.PyDB object at 0x0000026C6ED8D600>

  File "C:\Program Files\JetBrains\PyCharm 2025.3\plugins\python-ce\helpers\pydev\pydevd.py", line 1647, in _exec
    pydev_imports.execfile(file, globals, locals)  # execute the script
    │             │        │     │        └ {'__name__': '__main__', '__doc__': None, '__package__': '', '__loader__': <_frozen_importlib_external.SourceFileLoader objec...
    │             │        │     └ {'__name__': '__main__', '__doc__': None, '__package__': '', '__loader__': <_frozen_importlib_external.SourceFileLoader objec...
    │             │        └ 'C:\\Users\\pedro\\Documents\\ERGONDATA\\KMM\\src\\arcelor\\freto_portal.py'
    │             └ <function execfile at 0x0000026C6EB8E290>
    └ <module '_pydev_bundle.pydev_imports' from 'C:\\Program Files\\JetBrains\\PyCharm 2025.3\\plugins\\python-ce\\helpers\\pydev\...

  File "C:\Program Files\JetBrains\PyCharm 2025.3\plugins\python-ce\helpers\pydev\_pydev_imps\_pydev_execfile.py", line 18, in execfile
    exec(compile(contents+"\n", file, 'exec'), glob, loc)
                 │              │              │     └ {'__name__': '__main__', '__doc__': None, '__package__': '', '__loader__': <_frozen_importlib_external.SourceFileLoader objec...
                 │              │              └ {'__name__': '__main__', '__doc__': None, '__package__': '', '__loader__': <_frozen_importlib_external.SourceFileLoader objec...
                 │              └ 'C:\\Users\\pedro\\Documents\\ERGONDATA\\KMM\\src\\arcelor\\freto_portal.py'
                 └ 'import requests\nimport time\nimport re\nimport os\nfrom shared.logger import logger\nfrom pipefy_handler import API\nfrom p...

  File "C:\Users\pedro\Documents\ERGONDATA\KMM\src\arcelor\freto_portal.py", line 256, in <module>
    run([{
    └ <function run at 0x0000026C6F70A170>

  File "C:\Users\pedro\Documents\ERGONDATA\KMM\src\arcelor\freto_portal.py", line 247, in run
    transports = get_incidents_data(incidents)
                 │                  └ [{'Unidade': 'Juiz de Fora', 'Transporte': 6102323416, 'Motivo': 'Diária', 'Valor a pagar (Contrato)': 857.86, 'Valor aprovad...
                 └ <function get_incidents_data at 0x0000026C6F709EA0>

  File "C:\Users\pedro\Documents\ERGONDATA\KMM\src\arcelor\freto_portal.py", line 83, in get_incidents_data
    "serie_fretolog"] = get_cte_value()
                        └ <function get_cte_value at 0x0000026C6F709FC0>

> File "C:\Users\pedro\Documents\ERGONDATA\KMM\src\arcelor\freto_portal.py", line 175, in get_cte_value
    url_pdf = driver.find_element(By.XPATH, "//*[@id=\"myId1\"]/div[{0}]/a[2]").get_attribute("href")
              │      │            │  └ 'xpath'
              │      │            └ <class 'selenium.webdriver.common.by.By'>
              │      └ <function WebDriver.find_element at 0x0000026C6F449480>
              └ <selenium.webdriver.chrome.webdriver.WebDriver (session="b2683d6f84209b11d48356e4acc60b95")>

  File "C:\Users\pedro\Documents\ERGONDATA\KMM\.venv\lib\site-packages\selenium\webdriver\remote\webdriver.py", line 976, in find_element
    return self.execute(Command.FIND_ELEMENT, {
           │    │       │       └ 'findElement'
           │    │       └ <class 'selenium.webdriver.remote.command.Command'>
           │    └ <function WebDriver.execute at 0x0000026C6F43B9A0>
           └ <selenium.webdriver.chrome.webdriver.WebDriver (session="b2683d6f84209b11d48356e4acc60b95")>

  File "C:\Users\pedro\Documents\ERGONDATA\KMM\.venv\lib\site-packages\selenium\webdriver\remote\webdriver.py", line 321, in execute
    self.error_handler.check_response(response)
    │    │             │              └ {'status': 400, 'value': '{"value":{"error":"invalid selector","message":"invalid selector: Unable to locate an element with ...
    │    │             └ <function ErrorHandler.check_response at 0x0000026C6F439870>
    │    └ <selenium.webdriver.remote.errorhandler.ErrorHandler object at 0x0000026C6D3F2AA0>
    └ <selenium.webdriver.chrome.webdriver.WebDriver (session="b2683d6f84209b11d48356e4acc60b95")>

  File "C:\Users\pedro\Documents\ERGONDATA\KMM\.venv\lib\site-packages\selenium\webdriver\remote\errorhandler.py", line 242, in check_response
    raise exception_class(message, screen, stacktrace)
          │               │        │       └ None
          │               │        └ None
          │               └ 'invalid selector: Unable to locate an element with the xpath expression //*[@id="myId1"]/div[{0}]/a[2] because of the follow...
          └ <class 'selenium.common.exceptions.InvalidSelectorException'>

selenium.common.exceptions.InvalidSelectorException: Message: invalid selector: Unable to locate an element with the xpath expression //*[@id="myId1"]/div[{0}]/a[2] because of the following error:
SyntaxError: Failed to execute 'evaluate' on 'Document': The string '//*[@id="myId1"]/div[{0}]/a[2]' is not a valid XPath expression.
  (Session info: chrome=143.0.7499.170)

2026-01-05 10:46:02 | ERROR | __main__:get_incidents_data | Falha ao obter dados do incidente. Erro: local variable 'numero_cte_levolog' referenced before assignment | {}
Traceback (most recent call last):

  File "C:\Users\pedro\Documents\ERGONDATA\KMM\src\arcelor\freto_portal.py", line 175, in get_cte_value
    url_pdf = driver.find_element(By.XPATH, "//*[@id=\"myId1\"]/div[{0}]/a[2]").get_attribute("href")
              │      │            │  └ 'xpath'
              │      │            └ <class 'selenium.webdriver.common.by.By'>
              │      └ <function WebDriver.find_element at 0x0000026C6F449480>
              └ <selenium.webdriver.chrome.webdriver.WebDriver (session="b2683d6f84209b11d48356e4acc60b95")>

  File "C:\Users\pedro\Documents\ERGONDATA\KMM\.venv\lib\site-packages\selenium\webdriver\remote\webdriver.py", line 976, in find_element
    return self.execute(Command.FIND_ELEMENT, {
           │    │       │       └ 'findElement'
           │    │       └ <class 'selenium.webdriver.remote.command.Command'>
           │    └ <function WebDriver.execute at 0x0000026C6F43B9A0>
           └ <selenium.webdriver.chrome.webdriver.WebDriver (session="b2683d6f84209b11d48356e4acc60b95")>

  File "C:\Users\pedro\Documents\ERGONDATA\KMM\.venv\lib\site-packages\selenium\webdriver\remote\webdriver.py", line 321, in execute
    self.error_handler.check_response(response)
    │    │             │              └ {'status': 400, 'value': '{"value":{"error":"invalid selector","message":"invalid selector: Unable to locate an element with ...
    │    │             └ <function ErrorHandler.check_response at 0x0000026C6F439870>
    │    └ <selenium.webdriver.remote.errorhandler.ErrorHandler object at 0x0000026C6D3F2AA0>
    └ <selenium.webdriver.chrome.webdriver.WebDriver (session="b2683d6f84209b11d48356e4acc60b95")>

  File "C:\Users\pedro\Documents\ERGONDATA\KMM\.venv\lib\site-packages\selenium\webdriver\remote\errorhandler.py", line 242, in check_response
    raise exception_class(message, screen, stacktrace)
          │               │        │       └ None
          │               │        └ None
          │               └ 'invalid selector: Unable to locate an element with the xpath expression //*[@id="myId1"]/div[{0}]/a[2] because of the follow...
          └ <class 'selenium.common.exceptions.InvalidSelectorException'>

selenium.common.exceptions.InvalidSelectorException: Message: invalid selector: Unable to locate an element with the xpath expression //*[@id="myId1"]/div[{0}]/a[2] because of the following error:
SyntaxError: Failed to execute 'evaluate' on 'Document': The string '//*[@id="myId1"]/div[{0}]/a[2]' is not a valid XPath expression.
  (Session info: chrome=143.0.7499.170)



During handling of the above exception, another exception occurred:


Traceback (most recent call last):

  File "C:\Program Files\JetBrains\PyCharm 2025.3\plugins\python-ce\helpers\pydev\pydevd.py", line 2391, in <module>
    main()
    └ <function main at 0x0000026C6EC5B2E0>

  File "C:\Program Files\JetBrains\PyCharm 2025.3\plugins\python-ce\helpers\pydev\pydevd.py", line 2372, in main
    globals = debugger.run(setup['file'], None, None, is_module)
              │        │   │                          └ False
              │        │   └ {'port': 50131, 'vm_type': None, 'client': '127.0.0.1', 'server': False, 'DEBUG_RECORD_SOCKET_READS': False, 'multiproc': Fal...
              │        └ <function PyDB.run at 0x0000026C6EC5A290>
              └ <__main__.PyDB object at 0x0000026C6ED8D600>

  File "C:\Program Files\JetBrains\PyCharm 2025.3\plugins\python-ce\helpers\pydev\pydevd.py", line 1640, in run
    return self._exec(is_module, entry_point_fn, module_name, file, globals, locals)
           │    │     │          │               │            │     │        └ {'__name__': '__main__', '__doc__': None, '__package__': '', '__loader__': <_frozen_importlib_external.SourceFileLoader objec...
           │    │     │          │               │            │     └ {'__name__': '__main__', '__doc__': None, '__package__': '', '__loader__': <_frozen_importlib_external.SourceFileLoader objec...
           │    │     │          │               │            └ 'C:\\Users\\pedro\\Documents\\ERGONDATA\\KMM\\src\\arcelor\\freto_portal.py'
           │    │     │          │               └ None
           │    │     │          └ ''
           │    │     └ False
           │    └ <function PyDB._exec at 0x0000026C6EC5A320>
           └ <__main__.PyDB object at 0x0000026C6ED8D600>

  File "C:\Program Files\JetBrains\PyCharm 2025.3\plugins\python-ce\helpers\pydev\pydevd.py", line 1647, in _exec
    pydev_imports.execfile(file, globals, locals)  # execute the script
    │             │        │     │        └ {'__name__': '__main__', '__doc__': None, '__package__': '', '__loader__': <_frozen_importlib_external.SourceFileLoader objec...
    │             │        │     └ {'__name__': '__main__', '__doc__': None, '__package__': '', '__loader__': <_frozen_importlib_external.SourceFileLoader objec...
    │             │        └ 'C:\\Users\\pedro\\Documents\\ERGONDATA\\KMM\\src\\arcelor\\freto_portal.py'
    │             └ <function execfile at 0x0000026C6EB8E290>
    └ <module '_pydev_bundle.pydev_imports' from 'C:\\Program Files\\JetBrains\\PyCharm 2025.3\\plugins\\python-ce\\helpers\\pydev\...

  File "C:\Program Files\JetBrains\PyCharm 2025.3\plugins\python-ce\helpers\pydev\_pydev_imps\_pydev_execfile.py", line 18, in execfile
    exec(compile(contents+"\n", file, 'exec'), glob, loc)
                 │              │              │     └ {'__name__': '__main__', '__doc__': None, '__package__': '', '__loader__': <_frozen_importlib_external.SourceFileLoader objec...
                 │              │              └ {'__name__': '__main__', '__doc__': None, '__package__': '', '__loader__': <_frozen_importlib_external.SourceFileLoader objec...
                 │              └ 'C:\\Users\\pedro\\Documents\\ERGONDATA\\KMM\\src\\arcelor\\freto_portal.py'
                 └ 'import requests\nimport time\nimport re\nimport os\nfrom shared.logger import logger\nfrom pipefy_handler import API\nfrom p...

  File "C:\Users\pedro\Documents\ERGONDATA\KMM\src\arcelor\freto_portal.py", line 256, in <module>
    run([{
    └ <function run at 0x0000026C6F70A170>

  File "C:\Users\pedro\Documents\ERGONDATA\KMM\src\arcelor\freto_portal.py", line 247, in run
    transports = get_incidents_data(incidents)
                 │                  └ [{'Unidade': 'Juiz de Fora', 'Transporte': 6102323416, 'Motivo': 'Diária', 'Valor a pagar (Contrato)': 857.86, 'Valor aprovad...
                 └ <function get_incidents_data at 0x0000026C6F709EA0>

> File "C:\Users\pedro\Documents\ERGONDATA\KMM\src\arcelor\freto_portal.py", line 83, in get_incidents_data
    "serie_fretolog"] = get_cte_value()
                        └ <function get_cte_value at 0x0000026C6F709FC0>

  File "C:\Users\pedro\Documents\ERGONDATA\KMM\src\arcelor\freto_portal.py", line 228, in get_cte_value
    return numero_cte_levolog, serie_levolog, numero_cte_fretolog, serie_fretolog

UnboundLocalError: local variable 'numero_cte_levolog' referenced before assignment
2026-01-05 10:47:28 | INFO | __main__:login | Login no portal freto | {}
2026-01-05 10:47:36 | INFO | __main__:get_incidents_data | Inicio da obtencao dos dados dos incidentes | {}
2026-01-05 10:47:36 | INFO | __main__:get_driver_name | Buscando nome do motorista | {}
2026-01-05 10:48:12 | SUCCESS | __main__:get_driver_name | Nome do motorista encontrado=> LEANDRO RODRIGUES | {}
2026-01-05 10:48:12 | INFO | __main__:get_cte_value | Obtencao do CTE | {}
2026-01-05 10:48:19 | INFO | __main__:get_cte_value | Clique em ver arquivos | {}
2026-01-05 10:48:19 | INFO | __main__:get_cte_value | arquivos 0.1 MB
CT-e8321960310412898491.pdf
0.2 MB
Skymark.pdf
0.1 MB
Viagem1842639235517834497.pdf
0.1 MB
1566486.jpg
0.1 MB
1566484.jpg
0.2 MB
1566488.jpg
0.1 MB
1566485.jpg | {}
2026-01-05 10:48:19 | ERROR | __main__:get_cte_value | Falha ao obter as informações do cte Message: invalid selector: Unable to locate an element with the xpath expression //*[@id="myId1"]/div[{0}]/a[2] because of the following error:
SyntaxError: Failed to execute 'evaluate' on 'Document': The string '//*[@id="myId1"]/div[{0}]/a[2]' is not a valid XPath expression.
  (Session info: chrome=143.0.7499.170)
 | {}
Traceback (most recent call last):

  File "C:\Program Files\JetBrains\PyCharm 2025.3\plugins\python-ce\helpers\pydev\pydevd.py", line 2391, in <module>
    main()
    └ <function main at 0x0000022A0FF7B2E0>

  File "C:\Program Files\JetBrains\PyCharm 2025.3\plugins\python-ce\helpers\pydev\pydevd.py", line 2372, in main
    globals = debugger.run(setup['file'], None, None, is_module)
              │        │   │                          └ False
              │        │   └ {'port': 50192, 'vm_type': None, 'client': '127.0.0.1', 'server': False, 'DEBUG_RECORD_SOCKET_READS': False, 'multiproc': Fal...
              │        └ <function PyDB.run at 0x0000022A0FF7A290>
              └ <__main__.PyDB object at 0x0000022A100DD600>

  File "C:\Program Files\JetBrains\PyCharm 2025.3\plugins\python-ce\helpers\pydev\pydevd.py", line 1640, in run
    return self._exec(is_module, entry_point_fn, module_name, file, globals, locals)
           │    │     │          │               │            │     │        └ {'__name__': '__main__', '__doc__': None, '__package__': '', '__loader__': <_frozen_importlib_external.SourceFileLoader objec...
           │    │     │          │               │            │     └ {'__name__': '__main__', '__doc__': None, '__package__': '', '__loader__': <_frozen_importlib_external.SourceFileLoader objec...
           │    │     │          │               │            └ 'C:\\Users\\pedro\\Documents\\ERGONDATA\\KMM\\src\\arcelor\\freto_portal.py'
           │    │     │          │               └ None
           │    │     │          └ ''
           │    │     └ False
           │    └ <function PyDB._exec at 0x0000022A0FF7A320>
           └ <__main__.PyDB object at 0x0000022A100DD600>

  File "C:\Program Files\JetBrains\PyCharm 2025.3\plugins\python-ce\helpers\pydev\pydevd.py", line 1647, in _exec
    pydev_imports.execfile(file, globals, locals)  # execute the script
    │             │        │     │        └ {'__name__': '__main__', '__doc__': None, '__package__': '', '__loader__': <_frozen_importlib_external.SourceFileLoader objec...
    │             │        │     └ {'__name__': '__main__', '__doc__': None, '__package__': '', '__loader__': <_frozen_importlib_external.SourceFileLoader objec...
    │             │        └ 'C:\\Users\\pedro\\Documents\\ERGONDATA\\KMM\\src\\arcelor\\freto_portal.py'
    │             └ <function execfile at 0x0000022A0FE8E290>
    └ <module '_pydev_bundle.pydev_imports' from 'C:\\Program Files\\JetBrains\\PyCharm 2025.3\\plugins\\python-ce\\helpers\\pydev\...

  File "C:\Program Files\JetBrains\PyCharm 2025.3\plugins\python-ce\helpers\pydev\_pydev_imps\_pydev_execfile.py", line 18, in execfile
    exec(compile(contents+"\n", file, 'exec'), glob, loc)
                 │              │              │     └ {'__name__': '__main__', '__doc__': None, '__package__': '', '__loader__': <_frozen_importlib_external.SourceFileLoader objec...
                 │              │              └ {'__name__': '__main__', '__doc__': None, '__package__': '', '__loader__': <_frozen_importlib_external.SourceFileLoader objec...
                 │              └ 'C:\\Users\\pedro\\Documents\\ERGONDATA\\KMM\\src\\arcelor\\freto_portal.py'
                 └ 'import requests\nimport time\nimport re\nimport os\nfrom shared.logger import logger\nfrom pipefy_handler import API\nfrom p...

  File "C:\Users\pedro\Documents\ERGONDATA\KMM\src\arcelor\freto_portal.py", line 256, in <module>
    run([{
    └ <function run at 0x0000022A10A6A170>

  File "C:\Users\pedro\Documents\ERGONDATA\KMM\src\arcelor\freto_portal.py", line 247, in run
    transports = get_incidents_data(incidents)
                 │                  └ [{'Unidade': 'Juiz de Fora', 'Transporte': 6102323416, 'Motivo': 'Diária', 'Valor a pagar (Contrato)': 857.86, 'Valor aprovad...
                 └ <function get_incidents_data at 0x0000022A10A69EA0>

  File "C:\Users\pedro\Documents\ERGONDATA\KMM\src\arcelor\freto_portal.py", line 83, in get_incidents_data
    "serie_fretolog"] = get_cte_value()
                        └ <function get_cte_value at 0x0000022A10A69FC0>

> File "C:\Users\pedro\Documents\ERGONDATA\KMM\src\arcelor\freto_portal.py", line 175, in get_cte_value
    url_pdf = driver.find_element(By.XPATH, "//*[@id=\"myId1\"]/div[{0}]/a[2]").get_attribute("href")
              │      │            │  └ 'xpath'
              │      │            └ <class 'selenium.webdriver.common.by.By'>
              │      └ <function WebDriver.find_element at 0x0000022A107A9480>
              └ <selenium.webdriver.chrome.webdriver.WebDriver (session="a61f14897b06288c997cf0685e79dc43")>

  File "C:\Users\pedro\Documents\ERGONDATA\KMM\.venv\lib\site-packages\selenium\webdriver\remote\webdriver.py", line 976, in find_element
    return self.execute(Command.FIND_ELEMENT, {
           │    │       │       └ 'findElement'
           │    │       └ <class 'selenium.webdriver.remote.command.Command'>
           │    └ <function WebDriver.execute at 0x0000022A1079B9A0>
           └ <selenium.webdriver.chrome.webdriver.WebDriver (session="a61f14897b06288c997cf0685e79dc43")>

  File "C:\Users\pedro\Documents\ERGONDATA\KMM\.venv\lib\site-packages\selenium\webdriver\remote\webdriver.py", line 321, in execute
    self.error_handler.check_response(response)
    │    │             │              └ {'status': 400, 'value': '{"value":{"error":"invalid selector","message":"invalid selector: Unable to locate an element with ...
    │    │             └ <function ErrorHandler.check_response at 0x0000022A10799870>
    │    └ <selenium.webdriver.remote.errorhandler.ErrorHandler object at 0x0000022A0E6B2AA0>
    └ <selenium.webdriver.chrome.webdriver.WebDriver (session="a61f14897b06288c997cf0685e79dc43")>

  File "C:\Users\pedro\Documents\ERGONDATA\KMM\.venv\lib\site-packages\selenium\webdriver\remote\errorhandler.py", line 242, in check_response
    raise exception_class(message, screen, stacktrace)
          │               │        │       └ None
          │               │        └ None
          │               └ 'invalid selector: Unable to locate an element with the xpath expression //*[@id="myId1"]/div[{0}]/a[2] because of the follow...
          └ <class 'selenium.common.exceptions.InvalidSelectorException'>

selenium.common.exceptions.InvalidSelectorException: Message: invalid selector: Unable to locate an element with the xpath expression //*[@id="myId1"]/div[{0}]/a[2] because of the following error:
SyntaxError: Failed to execute 'evaluate' on 'Document': The string '//*[@id="myId1"]/div[{0}]/a[2]' is not a valid XPath expression.
  (Session info: chrome=143.0.7499.170)

2026-01-05 10:51:11 | INFO | __main__:<module> | 2 | {}
2026-01-05 10:51:25 | SUCCESS | __main__:get_incidents_data | CTE levolog encontrado -> None | {}
2026-01-05 10:51:25 | SUCCESS | __main__:get_incidents_data | CTE fretolog encontrado -> None | {}
2026-01-05 10:51:34 | INFO | __main__:login | Login no portal freto | {}
2026-01-05 10:51:40 | INFO | __main__:get_incidents_data | Inicio da obtencao dos dados dos incidentes | {}
2026-01-05 10:51:40 | INFO | __main__:get_driver_name | Buscando nome do motorista | {}
2026-01-05 10:52:15 | SUCCESS | __main__:get_driver_name | Nome do motorista encontrado=> LEANDRO RODRIGUES | {}
2026-01-05 10:52:15 | INFO | __main__:get_cte_value | Obtencao do CTE | {}
2026-01-05 10:52:23 | INFO | __main__:get_cte_value | Clique em ver arquivos | {}
2026-01-05 10:52:23 | INFO | __main__:get_cte_value | arquivos 0.1 MB
CT-e8321960310412898491.pdf
0.2 MB
Skymark.pdf
0.1 MB
Viagem1842639235517834497.pdf
0.1 MB
1566486.jpg
0.1 MB
1566484.jpg
0.2 MB
1566488.jpg
0.1 MB
1566485.jpg | {}
2026-01-05 10:52:23 | INFO | __main__:get_cte_value | 2 | {}
2026-01-05 10:53:44 | INFO | __main__:get_cte_value | 6 | {}
2026-01-05 10:53:49 | INFO | __main__:get_cte_value | PF | {}
2026-01-05 10:53:50 | ERROR | __main__:get_cte_value | Falha ao obter as informações do cte list index out of range | {}
Traceback (most recent call last):

  File "C:\Program Files\JetBrains\PyCharm 2025.3\plugins\python-ce\helpers\pydev\pydevd.py", line 2391, in <module>
    main()
    └ <function main at 0x000001868CDCB2E0>

  File "C:\Program Files\JetBrains\PyCharm 2025.3\plugins\python-ce\helpers\pydev\pydevd.py", line 2372, in main
    globals = debugger.run(setup['file'], None, None, is_module)
              │        │   │                          └ False
              │        │   └ {'port': 50364, 'vm_type': None, 'client': '127.0.0.1', 'server': False, 'DEBUG_RECORD_SOCKET_READS': False, 'multiproc': Fal...
              │        └ <function PyDB.run at 0x000001868CDCA290>
              └ <__main__.PyDB object at 0x000001868CF0D600>

  File "C:\Program Files\JetBrains\PyCharm 2025.3\plugins\python-ce\helpers\pydev\pydevd.py", line 1640, in run
    return self._exec(is_module, entry_point_fn, module_name, file, globals, locals)
           │    │     │          │               │            │     │        └ {'__name__': '__main__', '__doc__': None, '__package__': '', '__loader__': <_frozen_importlib_external.SourceFileLoader objec...
           │    │     │          │               │            │     └ {'__name__': '__main__', '__doc__': None, '__package__': '', '__loader__': <_frozen_importlib_external.SourceFileLoader objec...
           │    │     │          │               │            └ 'C:\\Users\\pedro\\Documents\\ERGONDATA\\KMM\\src\\arcelor\\freto_portal.py'
           │    │     │          │               └ None
           │    │     │          └ ''
           │    │     └ False
           │    └ <function PyDB._exec at 0x000001868CDCA320>
           └ <__main__.PyDB object at 0x000001868CF0D600>

  File "C:\Program Files\JetBrains\PyCharm 2025.3\plugins\python-ce\helpers\pydev\pydevd.py", line 1647, in _exec
    pydev_imports.execfile(file, globals, locals)  # execute the script
    │             │        │     │        └ {'__name__': '__main__', '__doc__': None, '__package__': '', '__loader__': <_frozen_importlib_external.SourceFileLoader objec...
    │             │        │     └ {'__name__': '__main__', '__doc__': None, '__package__': '', '__loader__': <_frozen_importlib_external.SourceFileLoader objec...
    │             │        └ 'C:\\Users\\pedro\\Documents\\ERGONDATA\\KMM\\src\\arcelor\\freto_portal.py'
    │             └ <function execfile at 0x000001868CCFE290>
    └ <module '_pydev_bundle.pydev_imports' from 'C:\\Program Files\\JetBrains\\PyCharm 2025.3\\plugins\\python-ce\\helpers\\pydev\...

  File "C:\Program Files\JetBrains\PyCharm 2025.3\plugins\python-ce\helpers\pydev\_pydev_imps\_pydev_execfile.py", line 18, in execfile
    exec(compile(contents+"\n", file, 'exec'), glob, loc)
                 │              │              │     └ {'__name__': '__main__', '__doc__': None, '__package__': '', '__loader__': <_frozen_importlib_external.SourceFileLoader objec...
                 │              │              └ {'__name__': '__main__', '__doc__': None, '__package__': '', '__loader__': <_frozen_importlib_external.SourceFileLoader objec...
                 │              └ 'C:\\Users\\pedro\\Documents\\ERGONDATA\\KMM\\src\\arcelor\\freto_portal.py'
                 └ 'import requests\nimport time\nimport re\nimport os\nfrom shared.logger import logger\nfrom pipefy_handler import API\nfrom p...

  File "C:\Users\pedro\Documents\ERGONDATA\KMM\src\arcelor\freto_portal.py", line 256, in <module>
    run([{
    └ <function run at 0x000001868D89A290>

  File "C:\Users\pedro\Documents\ERGONDATA\KMM\src\arcelor\freto_portal.py", line 247, in run
    transports = get_incidents_data(incidents)
                 │                  └ [{'Unidade': 'Juiz de Fora', 'Transporte': 6102323416, 'Motivo': 'Diária', 'Valor a pagar (Contrato)': 857.86, 'Valor aprovad...
                 └ <function get_incidents_data at 0x000001868D899FC0>

  File "C:\Users\pedro\Documents\ERGONDATA\KMM\src\arcelor\freto_portal.py", line 83, in get_incidents_data
    "serie_fretolog"] = get_cte_value()
                        └ <function get_cte_value at 0x000001868D89A0E0>

> File "C:\Users\pedro\Documents\ERGONDATA\KMM\src\arcelor\freto_portal.py", line 208, in get_cte_value
    numero_cte_fretolog, serie_fretolog = read_pdf(data['name'])
                                          │        └ {'name': 'CT-e8321960310412898491.pdf', 'url': 'https://www.freto.com/Shipper/LoadRequest/ViewFile?Key=ImageRepository/LoadRe...
                                          └ <function read_pdf at 0x000001868D2A3E20>

  File "C:\Users\pedro\Documents\ERGONDATA\KMM\src\arcelor\pdf_handler.py", line 29, in read_pdf
    cte_value = cte_number[index].replace('CTE\\n', '')
                │          └ 0
                └ []

IndexError: list index out of range
2026-01-05 10:54:28 | INFO | __main__:login | Login no portal freto | {}
2026-01-05 10:54:34 | INFO | __main__:get_incidents_data | Inicio da obtencao dos dados dos incidentes | {}
2026-01-05 10:54:34 | INFO | __main__:get_driver_name | Buscando nome do motorista | {}
2026-01-05 10:55:07 | SUCCESS | __main__:get_driver_name | Nome do motorista encontrado=> LEANDRO RODRIGUES | {}
2026-01-05 10:55:07 | INFO | __main__:get_cte_value | Obtencao do CTE | {}
2026-01-05 10:55:15 | INFO | __main__:get_cte_value | Clique em ver arquivos | {}
2026-01-05 10:55:15 | INFO | __main__:get_cte_value | arquivos 0.1 MB
CT-e8321960310412898491.pdf
0.2 MB
Skymark.pdf
0.1 MB
Viagem1842639235517834497.pdf
0.1 MB
1566486.jpg
0.1 MB
1566484.jpg
0.2 MB
1566488.jpg
0.1 MB
1566485.jpg | {}
2026-01-05 10:55:15 | INFO | __main__:get_cte_value | 2 | {}
2026-01-05 10:55:26 | INFO | __main__:get_cte_value | 6 | {}
2026-01-05 10:55:28 | INFO | __main__:get_cte_value | PF | {}
2026-01-05 10:59:02 | INFO | __main__:login | Login no portal freto | {}
2026-01-05 10:59:08 | INFO | __main__:get_incidents_data | Inicio da obtencao dos dados dos incidentes | {}
2026-01-05 10:59:08 | INFO | __main__:get_driver_name | Buscando nome do motorista | {}
2026-01-05 10:59:42 | SUCCESS | __main__:get_driver_name | Nome do motorista encontrado=> LEANDRO RODRIGUES | {}
2026-01-05 10:59:42 | INFO | __main__:get_cte_value | Obtencao do CTE | {}
2026-01-05 10:59:49 | INFO | __main__:get_cte_value | Clique em ver arquivos | {}
2026-01-05 10:59:50 | INFO | __main__:get_cte_value | arquivos 0.1 MB
CT-e8321960310412898491.pdf
0.2 MB
Skymark.pdf
0.1 MB
Viagem1842639235517834497.pdf
0.1 MB
1566486.jpg
0.1 MB
1566484.jpg
0.2 MB
1566488.jpg
0.1 MB
1566485.jpg | {}
2026-01-05 10:59:50 | INFO | __main__:get_cte_value | 2 | {}
2026-01-05 11:05:52 | INFO | __main__:login | Login no portal freto | {}
2026-01-05 11:05:58 | INFO | __main__:get_incidents_data | Inicio da obtencao dos dados dos incidentes | {}
2026-01-05 11:05:58 | INFO | __main__:get_driver_name | Buscando nome do motorista | {}
2026-01-05 11:06:30 | SUCCESS | __main__:get_driver_name | Nome do motorista encontrado=> LEANDRO RODRIGUES | {}
2026-01-05 11:06:30 | INFO | __main__:get_cte_value | Obtencao do CTE | {}
2026-01-05 11:06:38 | INFO | __main__:get_cte_value | Clique em ver arquivos | {}
2026-01-05 11:06:38 | INFO | __main__:get_cte_value | arquivos 0.1 MB
CT-e8321960310412898491.pdf
0.2 MB
Skymark.pdf
0.1 MB
Viagem1842639235517834497.pdf
0.1 MB
1566486.jpg
0.1 MB
1566484.jpg
0.2 MB
1566488.jpg
0.1 MB
1566485.jpg | {}
2026-01-05 11:06:38 | INFO | __main__:get_cte_value | 2 | {}
2026-01-05 11:08:13 | INFO | __main__:login | Login no portal freto | {}
2026-01-05 11:08:19 | INFO | __main__:get_incidents_data | Inicio da obtencao dos dados dos incidentes | {}
2026-01-05 11:08:19 | INFO | __main__:get_driver_name | Buscando nome do motorista | {}
2026-01-05 11:08:56 | SUCCESS | __main__:get_driver_name | Nome do motorista encontrado=> LEANDRO RODRIGUES | {}
2026-01-05 11:08:56 | INFO | __main__:get_cte_value | Obtencao do CTE | {}
2026-01-05 11:09:03 | INFO | __main__:get_cte_value | Clique em ver arquivos | {}
2026-01-05 11:09:04 | INFO | __main__:get_cte_value | arquivos 0.1 MB
CT-e8321960310412898491.pdf
0.2 MB
Skymark.pdf
0.1 MB
Viagem1842639235517834497.pdf
0.1 MB
1566486.jpg
0.1 MB
1566484.jpg
0.2 MB
1566488.jpg
0.1 MB
1566485.jpg | {}
2026-01-05 11:09:04 | INFO | __main__:get_cte_value | 2 | {}
2026-01-05 11:09:06 | INFO | __main__:get_cte_value | 6 | {}
2026-01-05 11:09:08 | INFO | __main__:get_cte_value | PF | {}
2026-01-05 11:18:22 | INFO | __main__:login | Login no portal freto | {}
2026-01-05 11:18:28 | INFO | __main__:get_incidents_data | Inicio da obtencao dos dados dos incidentes | {}
2026-01-05 11:18:28 | INFO | __main__:get_driver_name | Buscando nome do motorista | {}
2026-01-05 11:19:03 | SUCCESS | __main__:get_driver_name | Nome do motorista encontrado=> LEANDRO RODRIGUES | {}
2026-01-05 11:19:03 | INFO | __main__:get_cte_value | Obtencao do CTE | {}
2026-01-05 11:19:11 | INFO | __main__:get_cte_value | Clique em ver arquivos | {}
2026-01-05 11:19:11 | INFO | __main__:get_cte_value | arquivos 0.1 MB
CT-e8321960310412898491.pdf
0.2 MB
Skymark.pdf
0.1 MB
Viagem1842639235517834497.pdf
0.1 MB
1566486.jpg
0.1 MB
1566484.jpg
0.2 MB
1566488.jpg
0.1 MB
1566485.jpg | {}
2026-01-05 11:19:11 | INFO | __main__:get_cte_value | 2 | {}
2026-01-05 11:19:14 | INFO | __main__:get_cte_value | 6 | {}
2026-01-05 11:19:16 | INFO | __main__:get_cte_value | PF | {}
2026-01-05 11:19:23 | ERROR | __main__:get_cte_value | Falha ao obter as informações do cte could not convert string to float: 'VALOR A RECEBER\n1075.12' | {}
Traceback (most recent call last):

  File "C:\Program Files\JetBrains\PyCharm 2025.3\plugins\python-ce\helpers\pydev\pydevd.py", line 2391, in <module>
    main()
    └ <function main at 0x0000029C3E40B2E0>

  File "C:\Program Files\JetBrains\PyCharm 2025.3\plugins\python-ce\helpers\pydev\pydevd.py", line 2372, in main
    globals = debugger.run(setup['file'], None, None, is_module)
              │        │   │                          └ False
              │        │   └ {'port': 50969, 'vm_type': None, 'client': '127.0.0.1', 'server': False, 'DEBUG_RECORD_SOCKET_READS': False, 'multiproc': Fal...
              │        └ <function PyDB.run at 0x0000029C3E40A290>
              └ <__main__.PyDB object at 0x0000029C3E56D600>

  File "C:\Program Files\JetBrains\PyCharm 2025.3\plugins\python-ce\helpers\pydev\pydevd.py", line 1640, in run
    return self._exec(is_module, entry_point_fn, module_name, file, globals, locals)
           │    │     │          │               │            │     │        └ {'__name__': '__main__', '__doc__': None, '__package__': '', '__loader__': <_frozen_importlib_external.SourceFileLoader objec...
           │    │     │          │               │            │     └ {'__name__': '__main__', '__doc__': None, '__package__': '', '__loader__': <_frozen_importlib_external.SourceFileLoader objec...
           │    │     │          │               │            └ 'C:\\Users\\pedro\\Documents\\ERGONDATA\\KMM\\src\\arcelor\\freto_portal.py'
           │    │     │          │               └ None
           │    │     │          └ ''
           │    │     └ False
           │    └ <function PyDB._exec at 0x0000029C3E40A320>
           └ <__main__.PyDB object at 0x0000029C3E56D600>

  File "C:\Program Files\JetBrains\PyCharm 2025.3\plugins\python-ce\helpers\pydev\pydevd.py", line 1647, in _exec
    pydev_imports.execfile(file, globals, locals)  # execute the script
    │             │        │     │        └ {'__name__': '__main__', '__doc__': None, '__package__': '', '__loader__': <_frozen_importlib_external.SourceFileLoader objec...
    │             │        │     └ {'__name__': '__main__', '__doc__': None, '__package__': '', '__loader__': <_frozen_importlib_external.SourceFileLoader objec...
    │             │        └ 'C:\\Users\\pedro\\Documents\\ERGONDATA\\KMM\\src\\arcelor\\freto_portal.py'
    │             └ <function execfile at 0x0000029C3E31E290>
    └ <module '_pydev_bundle.pydev_imports' from 'C:\\Program Files\\JetBrains\\PyCharm 2025.3\\plugins\\python-ce\\helpers\\pydev\...

  File "C:\Program Files\JetBrains\PyCharm 2025.3\plugins\python-ce\helpers\pydev\_pydev_imps\_pydev_execfile.py", line 18, in execfile
    exec(compile(contents+"\n", file, 'exec'), glob, loc)
                 │              │              │     └ {'__name__': '__main__', '__doc__': None, '__package__': '', '__loader__': <_frozen_importlib_external.SourceFileLoader objec...
                 │              │              └ {'__name__': '__main__', '__doc__': None, '__package__': '', '__loader__': <_frozen_importlib_external.SourceFileLoader objec...
                 │              └ 'C:\\Users\\pedro\\Documents\\ERGONDATA\\KMM\\src\\arcelor\\freto_portal.py'
                 └ 'import requests\nimport time\nimport re\nimport os\nfrom shared.logger import logger\nfrom pipefy_handler import API\nfrom p...

  File "C:\Users\pedro\Documents\ERGONDATA\KMM\src\arcelor\freto_portal.py", line 256, in <module>
    run([{
    └ <function run at 0x0000029C3EEFE170>

  File "C:\Users\pedro\Documents\ERGONDATA\KMM\src\arcelor\freto_portal.py", line 247, in run
    transports = get_incidents_data(incidents)
                 │                  └ [{'Unidade': 'Juiz de Fora', 'Transporte': 6102323416, 'Motivo': 'Diária', 'Valor a pagar (Contrato)': 857.86, 'Valor aprovad...
                 └ <function get_incidents_data at 0x0000029C3EEFDE10>

  File "C:\Users\pedro\Documents\ERGONDATA\KMM\src\arcelor\freto_portal.py", line 83, in get_incidents_data
    "serie_fretolog"] = get_cte_value()
                        └ <function get_cte_value at 0x0000029C3EEFDFC0>

> File "C:\Users\pedro\Documents\ERGONDATA\KMM\src\arcelor\freto_portal.py", line 208, in get_cte_value
    numero_cte_fretolog, serie_fretolog = read_pdf(data['name'])
                                          │        └ {'name': 'CT-e8321960310412898491.pdf', 'url': 'https://www.freto.com/Shipper/LoadRequest/ViewFile?Key=ImageRepository/LoadRe...
                                          └ <function read_pdf at 0x0000029C3E919630>

  File "C:\Users\pedro\Documents\ERGONDATA\KMM\src\arcelor\pdf_handler.py", line 25, in read_pdf
    valor = float(valor)
                  └ 'VALOR A RECEBER\n1075.12'

ValueError: could not convert string to float: 'VALOR A RECEBER\n1075.12'
2026-01-05 11:22:03 | SUCCESS | __main__:get_incidents_data | CTE levolog encontrado -> None | {}
2026-01-05 11:22:03 | SUCCESS | __main__:get_incidents_data | CTE fretolog encontrado -> None | {}
2026-01-05 11:22:11 | INFO | __main__:login | Login no portal freto | {}
2026-01-05 11:22:17 | INFO | __main__:get_incidents_data | Inicio da obtencao dos dados dos incidentes | {}
2026-01-05 11:22:17 | INFO | __main__:get_driver_name | Buscando nome do motorista | {}
2026-01-05 11:22:51 | SUCCESS | __main__:get_driver_name | Nome do motorista encontrado=> LEANDRO RODRIGUES | {}
2026-01-05 11:22:51 | INFO | __main__:get_cte_value | Obtencao do CTE | {}
2026-01-05 11:22:59 | INFO | __main__:get_cte_value | Clique em ver arquivos | {}
2026-01-05 11:22:59 | INFO | __main__:get_cte_value | arquivos 0.1 MB
CT-e8321960310412898491.pdf
0.2 MB
Skymark.pdf
0.1 MB
Viagem1842639235517834497.pdf
0.1 MB
1566486.jpg
0.1 MB
1566484.jpg
0.2 MB
1566488.jpg
0.1 MB
1566485.jpg | {}
2026-01-05 11:22:59 | INFO | __main__:get_cte_value | 2 | {}
2026-01-05 11:23:01 | INFO | __main__:get_cte_value | 6 | {}
2026-01-05 11:23:04 | INFO | __main__:get_cte_value | PF | {}
2026-01-05 11:24:22 | ERROR | __main__:get_cte_value | Falha ao obter as informações do cte 'PDF' object has no attribute 'close_pdf' | {}
Traceback (most recent call last):

  File "C:\Program Files\JetBrains\PyCharm 2025.3\plugins\python-ce\helpers\pydev\pydevd.py", line 2391, in <module>
    main()
    └ <function main at 0x0000029667EBB2E0>

  File "C:\Program Files\JetBrains\PyCharm 2025.3\plugins\python-ce\helpers\pydev\pydevd.py", line 2372, in main
    globals = debugger.run(setup['file'], None, None, is_module)
              │        │   │                          └ False
              │        │   └ {'port': 51038, 'vm_type': None, 'client': '127.0.0.1', 'server': False, 'DEBUG_RECORD_SOCKET_READS': False, 'multiproc': Fal...
              │        └ <function PyDB.run at 0x0000029667EBA290>
              └ <__main__.PyDB object at 0x0000029667FED600>

  File "C:\Program Files\JetBrains\PyCharm 2025.3\plugins\python-ce\helpers\pydev\pydevd.py", line 1640, in run
    return self._exec(is_module, entry_point_fn, module_name, file, globals, locals)
           │    │     │          │               │            │     │        └ {'__name__': '__main__', '__doc__': None, '__package__': '', '__loader__': <_frozen_importlib_external.SourceFileLoader objec...
           │    │     │          │               │            │     └ {'__name__': '__main__', '__doc__': None, '__package__': '', '__loader__': <_frozen_importlib_external.SourceFileLoader objec...
           │    │     │          │               │            └ 'C:\\Users\\pedro\\Documents\\ERGONDATA\\KMM\\src\\arcelor\\freto_portal.py'
           │    │     │          │               └ None
           │    │     │          └ ''
           │    │     └ False
           │    └ <function PyDB._exec at 0x0000029667EBA320>
           └ <__main__.PyDB object at 0x0000029667FED600>

  File "C:\Program Files\JetBrains\PyCharm 2025.3\plugins\python-ce\helpers\pydev\pydevd.py", line 1647, in _exec
    pydev_imports.execfile(file, globals, locals)  # execute the script
    │             │        │     │        └ {'__name__': '__main__', '__doc__': None, '__package__': '', '__loader__': <_frozen_importlib_external.SourceFileLoader objec...
    │             │        │     └ {'__name__': '__main__', '__doc__': None, '__package__': '', '__loader__': <_frozen_importlib_external.SourceFileLoader objec...
    │             │        └ 'C:\\Users\\pedro\\Documents\\ERGONDATA\\KMM\\src\\arcelor\\freto_portal.py'
    │             └ <function execfile at 0x0000029667DEE290>
    └ <module '_pydev_bundle.pydev_imports' from 'C:\\Program Files\\JetBrains\\PyCharm 2025.3\\plugins\\python-ce\\helpers\\pydev\...

  File "C:\Program Files\JetBrains\PyCharm 2025.3\plugins\python-ce\helpers\pydev\_pydev_imps\_pydev_execfile.py", line 18, in execfile
    exec(compile(contents+"\n", file, 'exec'), glob, loc)
                 │              │              │     └ {'__name__': '__main__', '__doc__': None, '__package__': '', '__loader__': <_frozen_importlib_external.SourceFileLoader objec...
                 │              │              └ {'__name__': '__main__', '__doc__': None, '__package__': '', '__loader__': <_frozen_importlib_external.SourceFileLoader objec...
                 │              └ 'C:\\Users\\pedro\\Documents\\ERGONDATA\\KMM\\src\\arcelor\\freto_portal.py'
                 └ 'import requests\nimport time\nimport re\nimport os\nfrom shared.logger import logger\nfrom pipefy_handler import API\nfrom p...

  File "C:\Users\pedro\Documents\ERGONDATA\KMM\src\arcelor\freto_portal.py", line 256, in <module>
    run([{
    └ <function run at 0x000002966896A200>

  File "C:\Users\pedro\Documents\ERGONDATA\KMM\src\arcelor\freto_portal.py", line 247, in run
    transports = get_incidents_data(incidents)
                 │                  └ [{'Unidade': 'Juiz de Fora', 'Transporte': 6102323416, 'Motivo': 'Diária', 'Valor a pagar (Contrato)': 857.86, 'Valor aprovad...
                 └ <function get_incidents_data at 0x0000029668969F30>

  File "C:\Users\pedro\Documents\ERGONDATA\KMM\src\arcelor\freto_portal.py", line 83, in get_incidents_data
    "serie_fretolog"] = get_cte_value()
                        └ <function get_cte_value at 0x000002966896A050>

> File "C:\Users\pedro\Documents\ERGONDATA\KMM\src\arcelor\freto_portal.py", line 208, in get_cte_value
    numero_cte_fretolog, serie_fretolog = read_pdf(data['name'])
                                          │        └ {'name': 'CT-e8321960310412898491.pdf', 'url': 'https://www.freto.com/Shipper/LoadRequest/ViewFile?Key=ImageRepository/LoadRe...
                                          └ <function read_pdf at 0x0000029668389630>

  File "C:\Users\pedro\Documents\ERGONDATA\KMM\src\arcelor\pdf_handler.py", line 32, in read_pdf
    pdf.close_pdf()
    └ <pdfplumber.pdf.PDF object at 0x0000029666653F40>

AttributeError: 'PDF' object has no attribute 'close_pdf'
2026-01-05 11:24:38 | SUCCESS | __main__:get_incidents_data | CTE levolog encontrado -> None | {}
2026-01-05 11:24:38 | SUCCESS | __main__:get_incidents_data | CTE fretolog encontrado -> None | {}
2026-01-05 11:25:02 | INFO | __main__:login | Login no portal freto | {}
2026-01-05 11:25:09 | INFO | __main__:get_incidents_data | Inicio da obtencao dos dados dos incidentes | {}
2026-01-05 11:25:09 | INFO | __main__:get_driver_name | Buscando nome do motorista | {}
2026-01-05 11:25:44 | SUCCESS | __main__:get_driver_name | Nome do motorista encontrado=> LEANDRO RODRIGUES | {}
2026-01-05 11:25:44 | INFO | __main__:get_cte_value | Obtencao do CTE | {}
2026-01-05 11:25:52 | INFO | __main__:get_cte_value | Clique em ver arquivos | {}
2026-01-05 11:25:52 | INFO | __main__:get_cte_value | arquivos 0.1 MB
CT-e8321960310412898491.pdf
0.2 MB
Skymark.pdf
0.1 MB
Viagem1842639235517834497.pdf
0.1 MB
1566486.jpg
0.1 MB
1566484.jpg
0.2 MB
1566488.jpg
0.1 MB
1566485.jpg | {}
2026-01-05 11:25:52 | INFO | __main__:get_cte_value | 2 | {}
2026-01-05 11:25:54 | INFO | __main__:get_cte_value | 6 | {}
2026-01-05 11:25:57 | INFO | __main__:get_cte_value | PF | {}
2026-01-05 11:30:04 | INFO | __main__:login | Login no portal freto | {}
2026-01-05 11:30:10 | INFO | __main__:get_incidents_data | Inicio da obtencao dos dados dos incidentes | {}
2026-01-05 11:30:10 | INFO | __main__:get_driver_name | Buscando nome do motorista | {}
2026-01-05 11:30:43 | SUCCESS | __main__:get_driver_name | Nome do motorista encontrado=> LEANDRO RODRIGUES | {}
2026-01-05 11:30:43 | INFO | __main__:get_cte_value | Obtencao do CTE | {}
2026-01-05 11:30:51 | INFO | __main__:get_cte_value | Clique em ver arquivos | {}
2026-01-05 11:30:51 | INFO | __main__:get_cte_value | arquivos 0.1 MB
CT-e8321960310412898491.pdf
0.2 MB
Skymark.pdf
0.1 MB
Viagem1842639235517834497.pdf
0.1 MB
1566486.jpg
0.1 MB
1566484.jpg
0.2 MB
1566488.jpg
0.1 MB
1566485.jpg | {}
2026-01-05 11:30:51 | INFO | __main__:get_cte_value | 2 | {}
2026-01-05 11:30:53 | INFO | __main__:get_cte_value | 6 | {}
2026-01-05 11:30:55 | INFO | __main__:get_cte_value | PF | {}
2026-01-05 11:31:23 | SUCCESS | __main__:get_cte_value | Número do CTE encontrados => levolog 26120 e fretolog 126290 | {}
2026-01-05 11:31:23 | SUCCESS | __main__:get_cte_value | Número das Series encontrados => levolog 1 e fretolog 1 | {}
2026-01-05 11:31:23 | SUCCESS | __main__:get_incidents_data | CTE levolog encontrado -> 26120 | {}
2026-01-05 11:31:23 | SUCCESS | __main__:get_incidents_data | CTE fretolog encontrado -> 126290 | {}
